{
    "A41402237001S-J9-1.jpg": {
        "image_name": "A41402237001S-J9-1.jpg",
        "region_coordinates": {
            "x": 551,
            "y": 56,
            "width": 39,
            "height": 26
        },
        "image_processing": {
            "scale_factor": 4.1,
            "block_size": 47,
            "c": 4,
            "kernel_size": 15
        }
    },
    "A41402237001S-J9-2.jpg": {
        "image_name": "A41402237001S-J9-2.jpg",
        "region_coordinates": {
            "x": 551,
            "y": 56,
            "width": 39,
            "height": 26
        },
        "image_processing": {
            "scale_factor": 4.6,
            "block_size": 45,
            "c": 4,
            "kernel_size": 17
        }
    },
    "A41402237001S-J9-3.jpg": {
        "image_name": "A41402237001S-J9-3.jpg",
        "region_coordinates": {
            "x": 551,
            "y": 56,
            "width": 39,
            "height": 26
        },
        "image_processing": {
            "scale_factor": 3.9,
            "block_size": 51,
            "c": 4,
            "kernel_size": 13
        }
    },
    "A41402237001S-J9-5.jpg": {
        "image_name": "A41402237001S-J9-5.jpg",
        "region_coordinates": {
            "x": 552,
            "y": 56,
            "width": 31,
            "height": 24
        },
        "image_processing": {
            "scale_factor": 4.5,
            "block_size": 57,
            "c": 9,
            "kernel_size": 15
        }
    }
}