{
    "A41402237001S-J4-1.jpg": {
        "image_name": "A41402237001S-J4-1.jpg",
        "region_coordinates": {
            "x": 459,
            "y": 56,
            "width": 30,
            "height": 27
        },
        "image_processing": {
            "scale_factor": 3.9,
            "block_size": 51,
            "c": 4,
            "kernel_size": 13
        }
    },
    "A41402237001S-J4-2.jpg": {
        "image_name": "A41402237001S-J4-2.jpg",
        "region_coordinates": {
            "x": 459,
            "y": 56,
            "width": 30,
            "height": 27
        },
        "image_processing": {
            "scale_factor": 4.2,
            "block_size": 51,
            "c": 4,
            "kernel_size": 9
        }
    },
    "A41402237001S-J4-3.jpg": {
        "image_name": "A41402237001S-J4-3.jpg",
        "region_coordinates": {
            "x": 459,
            "y": 56,
            "width": 30,
            "height": 27
        },
        "image_processing": {
            "scale_factor": 4.6,
            "block_size": 27,
            "c": 3,
            "kernel_size": 5
        }
    }
}