{
    "A41402237001S-J34-1.jpg": {
        "image_name": "A41402237001S-J34-1.jpg",
        "region_coordinates": {
            "x": 596,
            "y": 329,
            "width": 35,
            "height": 23
        },
        "image_processing": {
            "scale_factor": 3.8,
            "block_size": 31,
            "c": 5,
            "kernel_size": 9
        }
    },
    "A41402237001S-J34-2.jpg": {
        "image_name": "A41402237001S-J34-2.jpg",
        "region_coordinates": {
            "x": 596,
            "y": 329,
            "width": 35,
            "height": 23
        },
        "image_processing": {
            "scale_factor": 3.7,
            "block_size": 55,
            "c": 10,
            "kernel_size": 5
        }
    },
    "A41402237001S-J34-3.jpg": {
        "image_name": "A41402237001S-J34-3.jpg",
        "region_coordinates": {
            "x": 596,
            "y": 329,
            "width": 35,
            "height": 23
        },
        "image_processing": {
            "scale_factor": 4.4,
            "block_size": 31,
            "c": 4,
            "kernel_size": 5
        }
    }
}