{
    "A41402237001S-J6-1.jpg": {
        "image_name": "A41402237001S-J6-1.jpg",
        "region_coordinates": {
            "x": 592,
            "y": 107,
            "width": 37,
            "height": 28
        },
        "image_processing": {
            "scale_factor": 3.8,
            "block_size": 43,
            "c": 4,
            "kernel_size": 13
        }
    },
    "A41402237001S-J6-2.jpg": {
        "image_name": "A41402237001S-J6-2.jpg",
        "region_coordinates": {
            "x": 592,
            "y": 107,
            "width": 37,
            "height": 28
        },
        "image_processing": {
            "scale_factor": 4.1,
            "block_size": 45,
            "c": 8,
            "kernel_size": 9
        }
    },
    "A41402237001S-J6-3.jpg": {
        "image_name": "A41402237001S-J6-3.jpg",
        "region_coordinates": {
            "x": 592,
            "y": 107,
            "width": 37,
            "height": 28
        },
        "image_processing": {
            "scale_factor": 4.9,
            "block_size": 43,
            "c": 4,
            "kernel_size": 7
        }
    }
}