{
    "A41402237001S-J27-1.jpg": {
        "image_name": "A41402237001S-J27-1.jpg",
        "region_coordinates": {
            "x": 431,
            "y": 328,
            "width": 37,
            "height": 26
        },
        "image_processing": {
            "scale_factor": 3.5,
            "block_size": 35,
            "c": 11,
            "kernel_size": 5
        }
    },
    "A41402237001S-J27-2.jpg": {
        "image_name": "A41402237001S-J27-2.jpg",
        "region_coordinates": {
            "x": 431,
            "y": 328,
            "width": 37,
            "height": 26
        },
        "image_processing": {
            "scale_factor": 3.7,
            "block_size": 39,
            "c": 3,
            "kernel_size": 13
        }
    },
    "A41402237001S-J27-3.jpg": {
        "image_name": "A41402237001S-J27-3.jpg",
        "region_coordinates": {
            "x": 431,
            "y": 328,
            "width": 37,
            "height": 26
        },
        "image_processing": {
            "scale_factor": 3.6,
            "block_size": 39,
            "c": 6,
            "kernel_size": 9
        }
    }
}