{
    "A41402237001S-J3-1.jpg": {
        "image_name": "A41402237001S-J3-1.jpg",
        "region_coordinates": {
            "x": 649,
            "y": 37,
            "width": 34,
            "height": 24
        },
        "image_processing": {
            "scale_factor": 5.0,
            "block_size": 21,
            "c": 3,
            "kernel_size": 9
        }
    },
    "A41402237001S-J3-2.jpg": {
        "image_name": "A41402237001S-J3-2.jpg",
        "region_coordinates": {
            "x": 649,
            "y": 37,
            "width": 34,
            "height": 24
        },
        "image_processing": {
            "scale_factor": 3.9,
            "block_size": 57,
            "c": 18,
            "kernel_size": 5
        }
    },
    "A41402237001S-J3-3.jpg": {
        "image_name": "A41402237001S-J3-3.jpg",
        "region_coordinates": {
            "x": 649,
            "y": 37,
            "width": 34,
            "height": 24
        },
        "image_processing": {
            "scale_factor": 3.6,
            "block_size": 25,
            "c": 6,
            "kernel_size": 5
        }
    }
}