{
    "A41402237001S-J32-1.jpg": {
        "image_name": "A41402237001S-J32-1.jpg",
        "region_coordinates": {
            "x": 745,
            "y": 280,
            "width": 41,
            "height": 24
        },
        "image_processing": {
            "scale_factor": 4.5,
            "block_size": 39,
            "c": 5,
            "kernel_size": 7
        }
    },
    "A41402237001S-J32-2.jpg": {
        "image_name": "A41402237001S-J32-2.jpg",
        "region_coordinates": {
            "x": 745,
            "y": 280,
            "width": 41,
            "height": 24
        },
        "image_processing": {
            "scale_factor": 4.3,
            "block_size": 27,
            "c": 7,
            "kernel_size": 7
        }
    },
    "A41402237001S-J32-3.jpg": {
        "image_name": "A41402237001S-J32-3.jpg",
        "region_coordinates": {
            "x": 745,
            "y": 280,
            "width": 41,
            "height": 24
        },
        "image_processing": {
            "scale_factor": 4.3,
            "block_size": 31,
            "c": 6,
            "kernel_size": 5
        }
    }
}