{
    "A41402237001S-J19-1.jpg": {
        "image_name": "A41402237001S-J19-1.jpg",
        "region_coordinates": {
            "x": 429,
            "y": 177,
            "width": 41,
            "height": 25
        },
        "image_processing": {
            "scale_factor": 3.6,
            "block_size": 45,
            "c": 5,
            "kernel_size": 5
        }
    },
    "A41402237001S-J19-2.jpg": {
        "image_name": "A41402237001S-J19-2.jpg",
        "region_coordinates": {
            "x": 429,
            "y": 177,
            "width": 41,
            "height": 25
        },
        "image_processing": {
            "scale_factor": 4.5,
            "block_size": 47,
            "c": 8,
            "kernel_size": 5
        }
    },
    "A41402237001S-J19-3.jpg": {
        "image_name": "A41402237001S-J19-3.jpg",
        "region_coordinates": {
            "x": 429,
            "y": 177,
            "width": 41,
            "height": 25
        },
        "image_processing": {
            "scale_factor": 5.0,
            "block_size": 53,
            "c": 9,
            "kernel_size": 11
        }
    },
    "A41402237001S-J19-4.jpg": {
        "image_name": "A41402237001S-J19-4.jpg",
        "region_coordinates": {
            "x": 431,
            "y": 181,
            "width": 36,
            "height": 22
        },
        "image_processing": {
            "scale_factor": 3.8,
            "block_size": 27,
            "c": 3,
            "kernel_size": 5
        }
    },
    "A41402237001S-J19-5.jpg": {
        "image_name": "A41402237001S-J19-5.jpg",
        "region_coordinates": {
            "x": 431,
            "y": 181,
            "width": 36,
            "height": 22
        },
        "image_processing": {
            "scale_factor": 4.1,
            "block_size": 41,
            "c": 4,
            "kernel_size": 5
        }
    }
}