{
    "A41402237001S-J31-1.jpg": {
        "image_name": "A41402237001S-J31-1.jpg",
        "region_coordinates": {
            "x": 806,
            "y": 210,
            "width": 37,
            "height": 25
        },
        "image_processing": {
            "scale_factor": 4.7,
            "block_size": 29,
            "c": 3,
            "kernel_size": 9
        }
    },
    "A41402237001S-J31-2.jpg": {
        "image_name": "A41402237001S-J31-2.jpg",
        "region_coordinates": {
            "x": 806,
            "y": 210,
            "width": 37,
            "height": 25
        },
        "image_processing": {
            "scale_factor": 4.5,
            "block_size": 29,
            "c": 6,
            "kernel_size": 7
        }
    },
    "A41402237001S-J31-3.jpg": {
        "image_name": "A41402237001S-J31-3.jpg",
        "region_coordinates": {
            "x": 806,
            "y": 210,
            "width": 37,
            "height": 25
        },
        "image_processing": {
            "scale_factor": 4.5,
            "block_size": 39,
            "c": 5,
            "kernel_size": 7
        }
    }
}