{
    "A41402237001S-J20-1.jpg": {
        "image_name": "A41402237001S-J20-1.jpg",
        "region_coordinates": {
            "x": 513,
            "y": 178,
            "width": 38,
            "height": 24
        },
        "image_processing": {
            "scale_factor": 4.6,
            "block_size": 31,
            "c": 5,
            "kernel_size": 11
        }
    },
    "A41402237001S-J20-2.jpg": {
        "image_name": "A41402237001S-J20-2.jpg",
        "region_coordinates": {
            "x": 513,
            "y": 178,
            "width": 38,
            "height": 24
        },
        "image_processing": {
            "scale_factor": 4.5,
            "block_size": 41,
            "c": 3,
            "kernel_size": 13
        }
    },
    "A41402237001S-J20-3.jpg": {
        "image_name": "A41402237001S-J20-3.jpg",
        "region_coordinates": {
            "x": 513,
            "y": 178,
            "width": 38,
            "height": 24
        },
        "image_processing": {
            "scale_factor": 4.2,
            "block_size": 55,
            "c": 14,
            "kernel_size": 3
        }
    }
}