{
    "A41402237001S-J26-1.jpg": {
        "image_name": "A41402237001S-J26-1.jpg",
        "region_coordinates": {
            "x": 676,
            "y": 176,
            "width": 37,
            "height": 26
        },
        "image_processing": {
            "scale_factor": 3.6,
            "block_size": 37,
            "c": 4,
            "kernel_size": 13
        }
    },
    "A41402237001S-J26-2.jpg": {
        "image_name": "A41402237001S-J26-2.jpg",
        "region_coordinates": {
            "x": 676,
            "y": 176,
            "width": 37,
            "height": 26
        },
        "image_processing": {
            "scale_factor": 4.1,
            "block_size": 41,
            "c": 10,
            "kernel_size": 9
        }
    },
    "A41402237001S-J26-3.jpg": {
        "image_name": "A41402237001S-J26-3.jpg",
        "region_coordinates": {
            "x": 676,
            "y": 176,
            "width": 37,
            "height": 26
        },
        "image_processing": {
            "scale_factor": 4.8,
            "block_size": 53,
            "c": 5,
            "kernel_size": 15
        }
    }
}